"pass: empty list equals NIL"
"pass: empty lambda args"
"pass: singleton list car"
"pass: singleton list cdr"
"pass: let shadowing"
"pass: let didn't overwrite"
"pass: function redefinition"
"pass: handled non-callable"
"pass: quote car"
"pass: quote cdr"
