"pass: int equal"
"pass: int unequal"
"pass: symbol equal"
"pass: symbol unequal"
"pass: string equal"
"pass: string unequal"
"pass: nil equal"
"pass: nil unequal"
"pass: list equal"
"pass: list unequal"
"pass: nested list equal"
"pass: nested list unequal"
"pass: lambda not structurally equal"
"pass: quoted list equal"
