"hello world"
11
(1 . 2)
(lambda (x) (x))
#t
NIL
"hi"
"hi"
"Done!"
